(node:23560) Warning: SECURITY WARNING: The SSL modes 'prefer', 'require', and 'verify-ca' are treated as aliases for 'verify-full'.
In the next major version (pg-connection-string v3.0.0 and pg v9.0.0), these modes will adopt standard libpq semantics, which have weaker security guarantees.

To prepare for this change:
- If you want the current behavior, explicitly use 'sslmode=verify-full'
- If you want libpq compatibility now, use 'uselibpqcompat=true&sslmode=require'

See https://www.postgresql.org/docs/current/libpq-ssl.html for libpq SSL mode definitions.
(Use `node --trace-warnings ...` to show where the warning was created)
node:net:1940
    const ex = new UVExceptionWithHostPort(err, 'listen', address, port);
               ^

Error: listen EADDRINUSE: address already in use :::3000
    at Server.setupListenHandle [as _listen2] (node:net:1940:16)
    at listenInCluster (node:net:1997:12)
    at Server.listen (node:net:2102:7)
    at ExpressAdapter.listen (C:\Users\USUARIO PC\Documents\Desarrollo de Software\Proyectos\Proyectos Propios\payment-checkout\node_modules\@nestjs\platform-express\adapters\express-adapter.js:115:32)
    at C:\Users\USUARIO PC\Documents\Desarrollo de Software\Proyectos\Proyectos Propios\payment-checkout\node_modules\@nestjs\core\nest-application.js:190:30
    at new Promise (<anonymous>)
    at NestApplication.listen (C:\Users\USUARIO PC\Documents\Desarrollo de Software\Proyectos\Proyectos Propios\payment-checkout\node_modules\@nestjs\core\nest-application.js:180:16)
    at process.processTicksAndRejections (node:internal/process/task_queues:105:5)
    at async bootstrap (C:\Users\USUARIO PC\Documents\Desarrollo de Software\Proyectos\Proyectos Propios\payment-checkout\apps\api\dist\main.js:51:5) {
  code: 'EADDRINUSE',
  errno: -4091,
  syscall: 'listen',
  address: '::',
  port: 3000
}

Node.js v22.19.0
